> Task :app:preBuild UP-TO-DATE
> Task :app:preDebugBuild UP-TO-DATE
> Task :app:mergeDebugNativeDebugMetadata NO-SOURCE
> Task :app:checkKotlinGradlePluginConfigurationErrors SKIPPED
> Task :app:checkDebugAarMetadata UP-TO-DATE
> Task :app:generateDebugResValues UP-TO-DATE
> Task :app:mapDebugSourceSetPaths UP-TO-DATE
> Task :app:generateDebugResources UP-TO-DATE
> Task :app:mergeDebugResources UP-TO-DATE
> Task :app:packageDebugResources UP-TO-DATE
> Task :app:parseDebugLocalResources UP-TO-DATE
> Task :app:createDebugCompatibleScreenManifests UP-TO-DATE
> Task :app:extractDeepLinksDebug UP-TO-DATE
> Task :app:processDebugMainManifest UP-TO-DATE
> Task :app:processDebugManifest UP-TO-DATE
> Task :app:processDebugManifestForPackage UP-TO-DATE
> Task :app:processDebugResources UP-TO-DATE
> Task :app:javaPreCompileDebug UP-TO-DATE
> Task :app:mergeDebugShaders UP-TO-DATE
> Task :app:compileDebugShaders NO-SOURCE
> Task :app:generateDebugAssets UP-TO-DATE
> Task :app:mergeDebugAssets UP-TO-DATE
> Task :app:compressDebugAssets UP-TO-DATE
> Task :app:checkDebugDuplicateClasses UP-TO-DATE
> Task :app:desugarDebugFileDependencies UP-TO-DATE
> Task :app:mergeExtDexDebug UP-TO-DATE
> Task :app:mergeLibDexDebug UP-TO-DATE
> Task :app:mergeDebugJniLibFolders UP-TO-DATE
> Task :app:mergeDebugNativeLibs UP-TO-DATE
> Task :app:stripDebugDebugSymbols UP-TO-DATE
> Task :app:validateSigningDebug UP-TO-DATE
> Task :app:writeDebugAppMetadata UP-TO-DATE
> Task :app:writeDebugSigningConfigVersions UP-TO-DATE

> Task :app:compileDebugKotlin FAILED
.\gradlew.bat : e: file:///D:/Programming/50Apps/BubblesZen/app/src/main/java/com/bubbzeniac/apssof/sound/SoundManager.
kt:163:20 None of the following candidates is applicable:
C:\Users\fraim\AppData\Local\Temp\ps-script-5f707f96-4814-4dab-94a8-c5b310d040f8.ps1:76 знак:40
+ ... gramming\50Apps\BubblesZen"; .\gradlew.bat assembleDebug 2>&1 | Out-F ...
+                                  ~~~~~~~~~~~~~~~~~~~~~~~~~~~~~~~~
    + CategoryInfo          : NotSpecified: (e: file:///D:/P... is applicable::String) [], RemoteException
    + FullyQualifiedErrorId : NativeCommandError
 
val CoroutineContext.isActive: Boolean
val CoroutineScope.isActive: Boolean
e: file:///D:/Programming/50Apps/BubblesZen/app/src/main/java/com/bubbzeniac/apssof/sound/SoundManager.kt:195:41 None o
f the following candidates is applicable:
fun plus(other: Byte): Float
fun plus(other: Double): Double
fun plus(other: Float): Float
fun plus(other: Int): Float
fun plus(other: Long): Float
fun plus(other: Short): Float
e: file:///D:/Programming/50Apps/BubblesZen/app/src/main/java/com/bubbzeniac/apssof/sound/SoundManager.kt:195:49 None o
f the following candidates is applicable:
fun BigDecimal.times(other: BigDecimal): BigDecimal
fun BigInteger.times(other: BigInteger): BigInteger
e: file:///D:/Programming/50Apps/BubblesZen/app/src/main/java/com/bubbzeniac/apssof/ui/screens/ProgressScreen.kt:312:9 
None of the following candidates is applicable:
fun Box(modifier: Modifier = ..., contentAlignment: Alignment = ..., propagateMinConstraints: Boolean = ..., content: @
Composable() ComposableFunction1<BoxScope, Unit>): Unit
fun Box(modifier: Modifier): Unit

FAILURE: Build failed with an exception.

* What went wrong:
Execution failed for task ':app:compileDebugKotlin'.
> A failure occurred while executing org.jetbrains.kotlin.compilerRunner.GradleCompilerRunnerWithWorkers$GradleKotlinCo
mpilerWorkAction
   > Compilation error. See log for more details

* Try:
> Run with --stacktrace option to get the stack trace.
> Run with --info or --debug option to get more log output.
> Run with --scan to get full insights.
> Get more help at https://help.gradle.org.

BUILD FAILED in 3s
28 actionable tasks: 1 executed, 27 up-to-date
